[     371ms] [WARNING] Failed parsing 'srcset' attribute value since it has an unknown descriptor. @ :0
[     371ms] [WARNING] Dropped srcset candidate "https://d2aea4j8cd78rk.cloudfront.net/images/65f160ec52799b9600c4930e_Home" @ :0
[     371ms] [WARNING] Failed parsing 'srcset' attribute value since it has an unknown descriptor. @ :0
[     371ms] [WARNING] Dropped srcset candidate "https://d2aea4j8cd78rk.cloudfront.net/images/65f160ec52799b9600c4930e_Home" @ :0
[     371ms] [WARNING] Failed parsing 'srcset' attribute value since it has an unknown descriptor. @ :0
[     371ms] [WARNING] Dropped srcset candidate "https://d2aea4j8cd78rk.cloudfront.net/images/65f15f3752799b9600c44d1f_Pet" @ :0
[     371ms] [WARNING] Failed parsing 'srcset' attribute value since it has an unknown descriptor. @ :0
[     371ms] [WARNING] Dropped srcset candidate "https://d2aea4j8cd78rk.cloudfront.net/images/65f15f3752799b9600c44d1f_Pet" @ :0
[     371ms] [WARNING] Failed parsing 'srcset' attribute value since it has an unknown descriptor. @ :0
[     371ms] [WARNING] Dropped srcset candidate "https://d2aea4j8cd78rk.cloudfront.net/images/65f15fc7733cb673c8908cc1_Beauty" @ :0
[     371ms] [WARNING] Failed parsing 'srcset' attribute value since it has an unknown descriptor. @ :0
[     371ms] [WARNING] Dropped srcset candidate "https://d2aea4j8cd78rk.cloudfront.net/images/65f15fc7733cb673c8908cc1_Beauty" @ :0
[     371ms] [WARNING] Failed parsing 'srcset' attribute value since it has an unknown descriptor. @ :0
[     371ms] [WARNING] Dropped srcset candidate "https://d2aea4j8cd78rk.cloudfront.net/images/65f1610a52799b9600c4b5fc_Office" @ :0
[     371ms] [WARNING] Failed parsing 'srcset' attribute value since it has an unknown descriptor. @ :0
[     371ms] [WARNING] Dropped srcset candidate "https://d2aea4j8cd78rk.cloudfront.net/images/65f1610a52799b9600c4b5fc_Office" @ :0
[   10861ms] [WARNING] The resource https://dev.shwapno.com/_next/static/chunks/1z_mbvpkjhpd5.css was preloaded using link preload but not used within a few seconds from the window's load event. Please make sure it has an appropriate `as` value and it is preloaded intentionally. @ https://dev.shwapno.com/beef-flank-kg-2:0
[   10861ms] [WARNING] The resource https://dev.shwapno.com/_next/static/chunks/1smw-5y64jii5.css was preloaded using link preload but not used within a few seconds from the window's load event. Please make sure it has an appropriate `as` value and it is preloaded intentionally. @ https://dev.shwapno.com/beef-flank-kg-2:0
[   10862ms] [WARNING] The resource https://dev.shwapno.com/_next/static/chunks/28ob620zwilg5.css was preloaded using link preload but not used within a few seconds from the window's load event. Please make sure it has an appropriate `as` value and it is preloaded intentionally. @ https://dev.shwapno.com/beef-flank-kg-2:0
[   10862ms] [WARNING] The resource https://dev.shwapno.com/_next/static/chunks/1vl4g891jeirr.css was preloaded using link preload but not used within a few seconds from the window's load event. Please make sure it has an appropriate `as` value and it is preloaded intentionally. @ https://dev.shwapno.com/beef-flank-kg-2:0
[   10862ms] [WARNING] The resource https://dev.shwapno.com/_next/static/chunks/2wh9u1l_49y5n.css was preloaded using link preload but not used within a few seconds from the window's load event. Please make sure it has an appropriate `as` value and it is preloaded intentionally. @ https://dev.shwapno.com/beef-flank-kg-2:0
[   10862ms] [WARNING] The resource https://dev.shwapno.com/_next/static/chunks/17dfau7ziuf__.css was preloaded using link preload but not used within a few seconds from the window's load event. Please make sure it has an appropriate `as` value and it is preloaded intentionally. @ https://dev.shwapno.com/beef-flank-kg-2:0
[   16184ms] [WARNING] The resource https://dev.shwapno.com/_next/static/chunks/1z_mbvpkjhpd5.css was preloaded using link preload but not used within a few seconds from the window's load event. Please make sure it has an appropriate `as` value and it is preloaded intentionally. @ https://dev.shwapno.com/beef-flank-kg-2:0
[   16185ms] [WARNING] The resource https://dev.shwapno.com/_next/static/chunks/1smw-5y64jii5.css was preloaded using link preload but not used within a few seconds from the window's load event. Please make sure it has an appropriate `as` value and it is preloaded intentionally. @ https://dev.shwapno.com/beef-flank-kg-2:0
[   16185ms] [WARNING] The resource https://dev.shwapno.com/_next/static/chunks/28ob620zwilg5.css was preloaded using link preload but not used within a few seconds from the window's load event. Please make sure it has an appropriate `as` value and it is preloaded intentionally. @ https://dev.shwapno.com/beef-flank-kg-2:0
[   16185ms] [WARNING] The resource https://dev.shwapno.com/_next/static/chunks/1vl4g891jeirr.css was preloaded using link preload but not used within a few seconds from the window's load event. Please make sure it has an appropriate `as` value and it is preloaded intentionally. @ https://dev.shwapno.com/beef-flank-kg-2:0
[   16185ms] [WARNING] The resource https://dev.shwapno.com/_next/static/chunks/2wh9u1l_49y5n.css was preloaded using link preload but not used within a few seconds from the window's load event. Please make sure it has an appropriate `as` value and it is preloaded intentionally. @ https://dev.shwapno.com/beef-flank-kg-2:0
[   16185ms] [WARNING] The resource https://dev.shwapno.com/_next/static/chunks/17dfau7ziuf__.css was preloaded using link preload but not used within a few seconds from the window's load event. Please make sure it has an appropriate `as` value and it is preloaded intentionally. @ https://dev.shwapno.com/beef-flank-kg-2:0
