[     492ms] [WARNING] Failed parsing 'srcset' attribute value since it has an unknown descriptor. @ :0
[     493ms] [WARNING] Dropped srcset candidate "https://d2aea4j8cd78rk.cloudfront.net/images/65f160ec52799b9600c4930e_Home" @ :0
[     493ms] [WARNING] Failed parsing 'srcset' attribute value since it has an unknown descriptor. @ :0
[     493ms] [WARNING] Dropped srcset candidate "https://d2aea4j8cd78rk.cloudfront.net/images/65f160ec52799b9600c4930e_Home" @ :0
[     493ms] [WARNING] Failed parsing 'srcset' attribute value since it has an unknown descriptor. @ :0
[     493ms] [WARNING] Dropped srcset candidate "https://d2aea4j8cd78rk.cloudfront.net/images/65f15f3752799b9600c44d1f_Pet" @ :0
[     493ms] [WARNING] Failed parsing 'srcset' attribute value since it has an unknown descriptor. @ :0
[     493ms] [WARNING] Dropped srcset candidate "https://d2aea4j8cd78rk.cloudfront.net/images/65f15f3752799b9600c44d1f_Pet" @ :0
[     493ms] [WARNING] Failed parsing 'srcset' attribute value since it has an unknown descriptor. @ :0
[     493ms] [WARNING] Dropped srcset candidate "https://d2aea4j8cd78rk.cloudfront.net/images/65f15fc7733cb673c8908cc1_Beauty" @ :0
[     494ms] [WARNING] Failed parsing 'srcset' attribute value since it has an unknown descriptor. @ :0
[     494ms] [WARNING] Dropped srcset candidate "https://d2aea4j8cd78rk.cloudfront.net/images/65f15fc7733cb673c8908cc1_Beauty" @ :0
[     494ms] [WARNING] Failed parsing 'srcset' attribute value since it has an unknown descriptor. @ :0
[     494ms] [WARNING] Dropped srcset candidate "https://d2aea4j8cd78rk.cloudfront.net/images/65f1610a52799b9600c4b5fc_Office" @ :0
[     494ms] [WARNING] Failed parsing 'srcset' attribute value since it has an unknown descriptor. @ :0
[     494ms] [WARNING] Dropped srcset candidate "https://d2aea4j8cd78rk.cloudfront.net/images/65f1610a52799b9600c4b5fc_Office" @ :0
[    1466ms] [WARNING] Failed parsing 'srcset' attribute value since it has an unknown descriptor. @ https://dev.shwapno.com/_next/static/chunks/3jcs3_vbp6pk4.js:0
[    1467ms] [WARNING] Dropped srcset candidate "https://d2aea4j8cd78rk.cloudfront.net/images/689f004bfa5404788aa2206b_Untitled" @ https://dev.shwapno.com/_next/static/chunks/3jcs3_vbp6pk4.js:0
[    1467ms] [WARNING] Failed parsing 'srcset' attribute value since it has an unknown descriptor. @ https://dev.shwapno.com/_next/static/chunks/3jcs3_vbp6pk4.js:0
[    1467ms] [WARNING] Dropped srcset candidate "https://d2aea4j8cd78rk.cloudfront.net/images/689f004bfa5404788aa2206b_Untitled" @ https://dev.shwapno.com/_next/static/chunks/3jcs3_vbp6pk4.js:0
[    1467ms] [WARNING] Failed parsing 'srcset' attribute value since it has an unknown descriptor. @ https://dev.shwapno.com/_next/static/chunks/3jcs3_vbp6pk4.js:0
[    1467ms] [WARNING] Dropped srcset candidate "https://d2aea4j8cd78rk.cloudfront.net/images/689f004bfa5404788aa2206b_Untitled" @ https://dev.shwapno.com/_next/static/chunks/3jcs3_vbp6pk4.js:0
[    1467ms] [WARNING] Failed parsing 'srcset' attribute value since it has an unknown descriptor. @ https://dev.shwapno.com/_next/static/chunks/3jcs3_vbp6pk4.js:0
[    1467ms] [WARNING] Dropped srcset candidate "https://d2aea4j8cd78rk.cloudfront.net/images/689f004bfa5404788aa2206b_Untitled" @ https://dev.shwapno.com/_next/static/chunks/3jcs3_vbp6pk4.js:0
[    1467ms] [WARNING] Failed parsing 'srcset' attribute value since it has an unknown descriptor. @ https://dev.shwapno.com/_next/static/chunks/3jcs3_vbp6pk4.js:0
[    1467ms] [WARNING] Dropped srcset candidate "https://d2aea4j8cd78rk.cloudfront.net/images/689f004bfa5404788aa2206b_Untitled" @ https://dev.shwapno.com/_next/static/chunks/3jcs3_vbp6pk4.js:0
[    1467ms] [WARNING] Failed parsing 'srcset' attribute value since it has an unknown descriptor. @ https://dev.shwapno.com/_next/static/chunks/3jcs3_vbp6pk4.js:0
[    1467ms] [WARNING] Dropped srcset candidate "https://d2aea4j8cd78rk.cloudfront.net/images/689f004bfa5404788aa2206b_Untitled" @ https://dev.shwapno.com/_next/static/chunks/3jcs3_vbp6pk4.js:0
[    1467ms] [WARNING] Failed parsing 'srcset' attribute value since it has an unknown descriptor. @ https://dev.shwapno.com/_next/static/chunks/3jcs3_vbp6pk4.js:0
[    1467ms] [WARNING] Dropped srcset candidate "https://d2aea4j8cd78rk.cloudfront.net/images/689f004bfa5404788aa2206b_Untitled" @ https://dev.shwapno.com/_next/static/chunks/3jcs3_vbp6pk4.js:0
[    1467ms] [WARNING] Failed parsing 'srcset' attribute value since it has an unknown descriptor. @ https://dev.shwapno.com/_next/static/chunks/3jcs3_vbp6pk4.js:0
[    1467ms] [WARNING] Dropped srcset candidate "https://d2aea4j8cd78rk.cloudfront.net/images/689f004bfa5404788aa2206b_Untitled" @ https://dev.shwapno.com/_next/static/chunks/3jcs3_vbp6pk4.js:0
[    1467ms] [WARNING] Failed parsing 'srcset' attribute value since it has an unknown descriptor. @ https://dev.shwapno.com/_next/static/chunks/3jcs3_vbp6pk4.js:0
[    1467ms] [WARNING] Dropped srcset candidate "https://d2aea4j8cd78rk.cloudfront.net/images/689f004bfa5404788aa2206b_Untitled" @ https://dev.shwapno.com/_next/static/chunks/3jcs3_vbp6pk4.js:0
[    1468ms] [WARNING] Failed parsing 'srcset' attribute value since it has an unknown descriptor. @ https://dev.shwapno.com/_next/static/chunks/3jcs3_vbp6pk4.js:0
[    1468ms] [WARNING] Dropped srcset candidate "https://d2aea4j8cd78rk.cloudfront.net/images/689f004bfa5404788aa2206b_Untitled" @ https://dev.shwapno.com/_next/static/chunks/3jcs3_vbp6pk4.js:0
[    1468ms] [WARNING] Failed parsing 'srcset' attribute value since it has an unknown descriptor. @ https://dev.shwapno.com/_next/static/chunks/3jcs3_vbp6pk4.js:0
[    1468ms] [WARNING] Dropped srcset candidate "https://d2aea4j8cd78rk.cloudfront.net/images/689f004bfa5404788aa2206b_Untitled" @ https://dev.shwapno.com/_next/static/chunks/3jcs3_vbp6pk4.js:0
[    1468ms] [WARNING] Failed parsing 'srcset' attribute value since it has an unknown descriptor. @ https://dev.shwapno.com/_next/static/chunks/3jcs3_vbp6pk4.js:0
[    1468ms] [WARNING] Dropped srcset candidate "https://d2aea4j8cd78rk.cloudfront.net/images/689f004bfa5404788aa2206b_Untitled" @ https://dev.shwapno.com/_next/static/chunks/3jcs3_vbp6pk4.js:0
[    1468ms] [WARNING] Failed parsing 'srcset' attribute value since it has an unknown descriptor. @ https://dev.shwapno.com/_next/static/chunks/3jcs3_vbp6pk4.js:0
[    1468ms] [WARNING] Dropped srcset candidate "https://d2aea4j8cd78rk.cloudfront.net/images/689f004bfa5404788aa2206b_Untitled" @ https://dev.shwapno.com/_next/static/chunks/3jcs3_vbp6pk4.js:0
[    1468ms] [WARNING] Failed parsing 'srcset' attribute value since it has an unknown descriptor. @ https://dev.shwapno.com/_next/static/chunks/3jcs3_vbp6pk4.js:0
[    1468ms] [WARNING] Dropped srcset candidate "https://d2aea4j8cd78rk.cloudfront.net/images/689f004bfa5404788aa2206b_Untitled" @ https://dev.shwapno.com/_next/static/chunks/3jcs3_vbp6pk4.js:0
[    1468ms] [WARNING] Failed parsing 'srcset' attribute value since it has an unknown descriptor. @ https://dev.shwapno.com/_next/static/chunks/3jcs3_vbp6pk4.js:0
[    1468ms] [WARNING] Dropped srcset candidate "https://d2aea4j8cd78rk.cloudfront.net/images/689f004bfa5404788aa2206b_Untitled" @ https://dev.shwapno.com/_next/static/chunks/3jcs3_vbp6pk4.js:0
[    1468ms] [WARNING] Failed parsing 'srcset' attribute value since it has an unknown descriptor. @ https://dev.shwapno.com/_next/static/chunks/3jcs3_vbp6pk4.js:0
[    1468ms] [WARNING] Dropped srcset candidate "https://d2aea4j8cd78rk.cloudfront.net/images/689f004bfa5404788aa2206b_Untitled" @ https://dev.shwapno.com/_next/static/chunks/3jcs3_vbp6pk4.js:0
[    1468ms] [WARNING] Failed parsing 'srcset' attribute value since it has an unknown descriptor. @ https://dev.shwapno.com/_next/static/chunks/3jcs3_vbp6pk4.js:0
[    1468ms] [WARNING] Dropped srcset candidate "https://d2aea4j8cd78rk.cloudfront.net/images/689f004bfa5404788aa2206b_Untitled" @ https://dev.shwapno.com/_next/static/chunks/3jcs3_vbp6pk4.js:0
[    1468ms] [WARNING] Failed parsing 'srcset' attribute value since it has an unknown descriptor. @ https://dev.shwapno.com/_next/static/chunks/3jcs3_vbp6pk4.js:0
[    1468ms] [WARNING] Dropped srcset candidate "https://d2aea4j8cd78rk.cloudfront.net/images/689f004bfa5404788aa2206b_Untitled" @ https://dev.shwapno.com/_next/static/chunks/3jcs3_vbp6pk4.js:0
[    1468ms] [WARNING] Failed parsing 'srcset' attribute value since it has an unknown descriptor. @ https://dev.shwapno.com/_next/static/chunks/3jcs3_vbp6pk4.js:0
[    1469ms] [WARNING] Dropped srcset candidate "https://d2aea4j8cd78rk.cloudfront.net/images/689f004bfa5404788aa2206b_Untitled" @ https://dev.shwapno.com/_next/static/chunks/3jcs3_vbp6pk4.js:0
[    1469ms] [WARNING] Failed parsing 'srcset' attribute value since it has an unknown descriptor. @ https://dev.shwapno.com/_next/static/chunks/3jcs3_vbp6pk4.js:0
[    1469ms] [WARNING] Dropped srcset candidate "https://d2aea4j8cd78rk.cloudfront.net/images/689f004bfa5404788aa2206b_Untitled" @ https://dev.shwapno.com/_next/static/chunks/3jcs3_vbp6pk4.js:0
[    1469ms] [WARNING] Failed parsing 'srcset' attribute value since it has an unknown descriptor. @ https://dev.shwapno.com/_next/static/chunks/3jcs3_vbp6pk4.js:0
[    1469ms] [WARNING] Dropped srcset candidate "https://d2aea4j8cd78rk.cloudfront.net/images/689f004bfa5404788aa2206b_Untitled" @ https://dev.shwapno.com/_next/static/chunks/3jcs3_vbp6pk4.js:0
[    1469ms] [WARNING] Failed parsing 'srcset' attribute value since it has an unknown descriptor. @ https://dev.shwapno.com/_next/static/chunks/3jcs3_vbp6pk4.js:0
[    1469ms] [WARNING] Dropped srcset candidate "https://d2aea4j8cd78rk.cloudfront.net/images/689f004bfa5404788aa2206b_Untitled" @ https://dev.shwapno.com/_next/static/chunks/3jcs3_vbp6pk4.js:0
[    5658ms] [WARNING] Failed parsing 'srcset' attribute value since it has an unknown descriptor. @ https://dev.shwapno.com/_next/static/chunks/3jcs3_vbp6pk4.js:0
[    5658ms] [WARNING] Dropped srcset candidate "https://d2aea4j8cd78rk.cloudfront.net/images/689ee98e1f62b2a03a144b13_Untitled" @ https://dev.shwapno.com/_next/static/chunks/3jcs3_vbp6pk4.js:0
[    5658ms] [WARNING] Failed parsing 'srcset' attribute value since it has an unknown descriptor. @ https://dev.shwapno.com/_next/static/chunks/3jcs3_vbp6pk4.js:0
[    5658ms] [WARNING] Dropped srcset candidate "https://d2aea4j8cd78rk.cloudfront.net/images/689ee98e1f62b2a03a144b13_Untitled" @ https://dev.shwapno.com/_next/static/chunks/3jcs3_vbp6pk4.js:0
[    5658ms] [WARNING] Failed parsing 'srcset' attribute value since it has an unknown descriptor. @ https://dev.shwapno.com/_next/static/chunks/3jcs3_vbp6pk4.js:0
[    5658ms] [WARNING] Dropped srcset candidate "https://d2aea4j8cd78rk.cloudfront.net/images/689ee98e1f62b2a03a144b13_Untitled" @ https://dev.shwapno.com/_next/static/chunks/3jcs3_vbp6pk4.js:0
[    5659ms] [WARNING] Failed parsing 'srcset' attribute value since it has an unknown descriptor. @ https://dev.shwapno.com/_next/static/chunks/3jcs3_vbp6pk4.js:0
[    5659ms] [WARNING] Dropped srcset candidate "https://d2aea4j8cd78rk.cloudfront.net/images/689ee98e1f62b2a03a144b13_Untitled" @ https://dev.shwapno.com/_next/static/chunks/3jcs3_vbp6pk4.js:0
[    5659ms] [WARNING] Failed parsing 'srcset' attribute value since it has an unknown descriptor. @ https://dev.shwapno.com/_next/static/chunks/3jcs3_vbp6pk4.js:0
[    5659ms] [WARNING] Dropped srcset candidate "https://d2aea4j8cd78rk.cloudfront.net/images/689ee98e1f62b2a03a144b13_Untitled" @ https://dev.shwapno.com/_next/static/chunks/3jcs3_vbp6pk4.js:0
[    5659ms] [WARNING] Failed parsing 'srcset' attribute value since it has an unknown descriptor. @ https://dev.shwapno.com/_next/static/chunks/3jcs3_vbp6pk4.js:0
[    5659ms] [WARNING] Dropped srcset candidate "https://d2aea4j8cd78rk.cloudfront.net/images/689ee98e1f62b2a03a144b13_Untitled" @ https://dev.shwapno.com/_next/static/chunks/3jcs3_vbp6pk4.js:0
[    5659ms] [WARNING] Failed parsing 'srcset' attribute value since it has an unknown descriptor. @ https://dev.shwapno.com/_next/static/chunks/3jcs3_vbp6pk4.js:0
[    5659ms] [WARNING] Dropped srcset candidate "https://d2aea4j8cd78rk.cloudfront.net/images/689ee98e1f62b2a03a144b13_Untitled" @ https://dev.shwapno.com/_next/static/chunks/3jcs3_vbp6pk4.js:0
[    5659ms] [WARNING] Failed parsing 'srcset' attribute value since it has an unknown descriptor. @ https://dev.shwapno.com/_next/static/chunks/3jcs3_vbp6pk4.js:0
[    5659ms] [WARNING] Dropped srcset candidate "https://d2aea4j8cd78rk.cloudfront.net/images/689ee98e1f62b2a03a144b13_Untitled" @ https://dev.shwapno.com/_next/static/chunks/3jcs3_vbp6pk4.js:0
[    5659ms] [WARNING] Failed parsing 'srcset' attribute value since it has an unknown descriptor. @ https://dev.shwapno.com/_next/static/chunks/3jcs3_vbp6pk4.js:0
[    5659ms] [WARNING] Dropped srcset candidate "https://d2aea4j8cd78rk.cloudfront.net/images/689ee98e1f62b2a03a144b13_Untitled" @ https://dev.shwapno.com/_next/static/chunks/3jcs3_vbp6pk4.js:0
[    5659ms] [WARNING] Failed parsing 'srcset' attribute value since it has an unknown descriptor. @ https://dev.shwapno.com/_next/static/chunks/3jcs3_vbp6pk4.js:0
[    5659ms] [WARNING] Dropped srcset candidate "https://d2aea4j8cd78rk.cloudfront.net/images/689ee98e1f62b2a03a144b13_Untitled" @ https://dev.shwapno.com/_next/static/chunks/3jcs3_vbp6pk4.js:0
[    5659ms] [WARNING] Failed parsing 'srcset' attribute value since it has an unknown descriptor. @ https://dev.shwapno.com/_next/static/chunks/3jcs3_vbp6pk4.js:0
[    5659ms] [WARNING] Dropped srcset candidate "https://d2aea4j8cd78rk.cloudfront.net/images/689ee98e1f62b2a03a144b13_Untitled" @ https://dev.shwapno.com/_next/static/chunks/3jcs3_vbp6pk4.js:0
[    5659ms] [WARNING] Failed parsing 'srcset' attribute value since it has an unknown descriptor. @ https://dev.shwapno.com/_next/static/chunks/3jcs3_vbp6pk4.js:0
[    5659ms] [WARNING] Dropped srcset candidate "https://d2aea4j8cd78rk.cloudfront.net/images/689ee98e1f62b2a03a144b13_Untitled" @ https://dev.shwapno.com/_next/static/chunks/3jcs3_vbp6pk4.js:0
[    5659ms] [WARNING] Failed parsing 'srcset' attribute value since it has an unknown descriptor. @ https://dev.shwapno.com/_next/static/chunks/3jcs3_vbp6pk4.js:0
[    5659ms] [WARNING] Dropped srcset candidate "https://d2aea4j8cd78rk.cloudfront.net/images/689ee98e1f62b2a03a144b13_Untitled" @ https://dev.shwapno.com/_next/static/chunks/3jcs3_vbp6pk4.js:0
[    5659ms] [WARNING] Failed parsing 'srcset' attribute value since it has an unknown descriptor. @ https://dev.shwapno.com/_next/static/chunks/3jcs3_vbp6pk4.js:0
[    5659ms] [WARNING] Dropped srcset candidate "https://d2aea4j8cd78rk.cloudfront.net/images/689ee98e1f62b2a03a144b13_Untitled" @ https://dev.shwapno.com/_next/static/chunks/3jcs3_vbp6pk4.js:0
[    5659ms] [WARNING] Failed parsing 'srcset' attribute value since it has an unknown descriptor. @ https://dev.shwapno.com/_next/static/chunks/3jcs3_vbp6pk4.js:0
[    5659ms] [WARNING] Dropped srcset candidate "https://d2aea4j8cd78rk.cloudfront.net/images/689ee98e1f62b2a03a144b13_Untitled" @ https://dev.shwapno.com/_next/static/chunks/3jcs3_vbp6pk4.js:0
[    5659ms] [WARNING] Failed parsing 'srcset' attribute value since it has an unknown descriptor. @ https://dev.shwapno.com/_next/static/chunks/3jcs3_vbp6pk4.js:0
[    5659ms] [WARNING] Dropped srcset candidate "https://d2aea4j8cd78rk.cloudfront.net/images/689ee98e1f62b2a03a144b13_Untitled" @ https://dev.shwapno.com/_next/static/chunks/3jcs3_vbp6pk4.js:0
[    5659ms] [WARNING] Failed parsing 'srcset' attribute value since it has an unknown descriptor. @ https://dev.shwapno.com/_next/static/chunks/3jcs3_vbp6pk4.js:0
[    5659ms] [WARNING] Dropped srcset candidate "https://d2aea4j8cd78rk.cloudfront.net/images/689ee98e1f62b2a03a144b13_Untitled" @ https://dev.shwapno.com/_next/static/chunks/3jcs3_vbp6pk4.js:0
[    5659ms] [WARNING] Failed parsing 'srcset' attribute value since it has an unknown descriptor. @ https://dev.shwapno.com/_next/static/chunks/3jcs3_vbp6pk4.js:0
[    5660ms] [WARNING] Dropped srcset candidate "https://d2aea4j8cd78rk.cloudfront.net/images/689ee98e1f62b2a03a144b13_Untitled" @ https://dev.shwapno.com/_next/static/chunks/3jcs3_vbp6pk4.js:0
[    5660ms] [WARNING] Failed parsing 'srcset' attribute value since it has an unknown descriptor. @ https://dev.shwapno.com/_next/static/chunks/3jcs3_vbp6pk4.js:0
[    5660ms] [WARNING] Dropped srcset candidate "https://d2aea4j8cd78rk.cloudfront.net/images/689ee98e1f62b2a03a144b13_Untitled" @ https://dev.shwapno.com/_next/static/chunks/3jcs3_vbp6pk4.js:0
[    5660ms] [WARNING] Failed parsing 'srcset' attribute value since it has an unknown descriptor. @ https://dev.shwapno.com/_next/static/chunks/3jcs3_vbp6pk4.js:0
[    5660ms] [WARNING] Dropped srcset candidate "https://d2aea4j8cd78rk.cloudfront.net/images/689ee98e1f62b2a03a144b13_Untitled" @ https://dev.shwapno.com/_next/static/chunks/3jcs3_vbp6pk4.js:0
[    5660ms] [WARNING] Failed parsing 'srcset' attribute value since it has an unknown descriptor. @ https://dev.shwapno.com/_next/static/chunks/3jcs3_vbp6pk4.js:0
[    5660ms] [WARNING] Dropped srcset candidate "https://d2aea4j8cd78rk.cloudfront.net/images/689ee98e1f62b2a03a144b13_Untitled" @ https://dev.shwapno.com/_next/static/chunks/3jcs3_vbp6pk4.js:0
[    5660ms] [WARNING] Failed parsing 'srcset' attribute value since it has an unknown descriptor. @ https://dev.shwapno.com/_next/static/chunks/3jcs3_vbp6pk4.js:0
[    5660ms] [WARNING] Dropped srcset candidate "https://d2aea4j8cd78rk.cloudfront.net/images/689ee98e1f62b2a03a144b13_Untitled" @ https://dev.shwapno.com/_next/static/chunks/3jcs3_vbp6pk4.js:0
