[     127ms] [ERROR] ANIMATIONS.JS IS LOADED AND EXECUTING! @ http://localhost:8080/js/animations.js?v=6:2
[     148ms] [LOG] initScrollReveals called! @ http://localhost:8080/js/animations.js?v=6:109
[     161ms] [LOG] inView triggered for JSHandle@node @ http://localhost:8080/js/animations.js?v=6:112
[   51740ms] [LOG] inView triggered for JSHandle@node @ http://localhost:8080/js/animations.js?v=6:112
[   51857ms] [LOG] inView triggered for JSHandle@node @ http://localhost:8080/js/animations.js?v=6:112
[  106166ms] [ERROR] ANIMATIONS.JS IS LOADED AND EXECUTING! @ http://localhost:8080/js/animations.js?v=6:2
[  106179ms] [LOG] initScrollReveals called! @ http://localhost:8080/js/animations.js?v=6:109
[  106189ms] [LOG] inView triggered for JSHandle@node @ http://localhost:8080/js/animations.js?v=6:112
[  108441ms] [ERROR] ANIMATIONS.JS IS LOADED AND EXECUTING! @ http://localhost:8080/js/animations.js?v=6:2
[  108454ms] [LOG] initScrollReveals called! @ http://localhost:8080/js/animations.js?v=6:109
[  108459ms] [LOG] inView triggered for JSHandle@node @ http://localhost:8080/js/animations.js?v=6:112
[  109965ms] TypeError: Cannot read properties of undefined (reading '0')
    at ye (https://cdn.jsdelivr.net/npm/motion@11.11.13/+esm:7:6569)
    at initTextSplits (http://localhost:8080/js/animations.js:156:75)
    at HTMLDocument.<anonymous> (http://localhost:8080/js/animations.js:14:3)
[  111148ms] TypeError: Cannot read properties of undefined (reading '0')
    at ye (https://cdn.jsdelivr.net/npm/motion@11.11.13/+esm:7:6569)
    at initTextSplits (http://localhost:8080/js/animations.js:176:75)
    at HTMLDocument.<anonymous> (http://localhost:8080/js/animations.js:14:3)
[  119639ms] [ERROR] ANIMATIONS.JS IS LOADED AND EXECUTING! @ http://localhost:8080/js/animations.js?v=6:2
[  119649ms] [LOG] initScrollReveals called! @ http://localhost:8080/js/animations.js?v=6:109
[  119655ms] [LOG] inView triggered for JSHandle@node @ http://localhost:8080/js/animations.js?v=6:112
[  119987ms] [ERROR] Failed to load resource: the server responded with a status of 404 (Not Found) @ http://localhost:8080/favicon.ico:0
[  127159ms] [ERROR] ANIMATIONS.JS IS LOADED AND EXECUTING! @ http://localhost:8080/js/animations.js?v=6:2
[  127173ms] [LOG] initScrollReveals called! @ http://localhost:8080/js/animations.js?v=6:109
[  127180ms] [LOG] inView triggered for JSHandle@node @ http://localhost:8080/js/animations.js?v=6:112
[  151676ms] [LOG] inView triggered for JSHandle@node @ http://localhost:8080/js/animations.js?v=6:112
[  151827ms] [LOG] inView triggered for JSHandle@node @ http://localhost:8080/js/animations.js?v=6:112
